// Jest Snapshot v1, https://goo.gl/fbAQLP

exports[`<SmallMovieCard /> is expected to render a movie card 1`] = `
<div
  className="catalog__movies-list"
>
  <article
    className="small-movie-card catalog__movies-card"
    onMouseOver={[Function]}
  >
    <div
      className="small-movie-card__image"
    >
      <img
        alt="Harry Potter"
        height="175"
        src="img/fantastic-beasts-the-crimes-of-grindelwald.jpg"
        width="280"
      />
    </div>
    <h3
      className="small-movie-card__title"
      onClick={[MockFunction]}
    >
      <a
        className="small-movie-card__link"
        href="movie-page.html"
      >
        Harry Potter
      </a>
    </h3>
  </article>
  <article
    className="small-movie-card catalog__movies-card"
    onMouseOver={[Function]}
  >
    <div
      className="small-movie-card__image"
    >
      <img
        alt="Inception"
        height="175"
        src="img/fantastic-beasts-the-crimes-of-grindelwald.jpg"
        width="280"
      />
    </div>
    <h3
      className="small-movie-card__title"
      onClick={[MockFunction]}
    >
      <a
        className="small-movie-card__link"
        href="movie-page.html"
      >
        Inception
      </a>
    </h3>
  </article>
</div>
`;
